// Jest Snapshot v1, https://goo.gl/fbAQLP

exports[`pruebas en GifGridItem debe de hacer match con el snapshot 1`] = `
<div>
  <div
    class="card"
  >
    <img
      alt="Saitama"
      src="https://on-punch.com/saitama/jpg"
    />
    <p>
      Saitama
    </p>
  </div>
</div>
`;
